[debug] [2026-04-01T03:09:08.353Z] ----------------------------------------------------------------------
[debug] [2026-04-01T03:09:08.355Z] Command:       C:\Program Files\nodejs\node.exe C:\Users\liliz\AppData\Roaming\npm\node_modules\firebase-tools\lib\bin\firebase.js deploy --only storage
[debug] [2026-04-01T03:09:08.356Z] CLI Version:   15.6.0
[debug] [2026-04-01T03:09:08.356Z] Platform:      win32
[debug] [2026-04-01T03:09:08.356Z] Node Version:  v24.12.0
[debug] [2026-04-01T03:09:08.356Z] Time:          Tue Mar 31 2026 23:09:08 GMT-0400 (Bolivia Time)
[debug] [2026-04-01T03:09:08.356Z] ----------------------------------------------------------------------
[debug] 
[debug] [2026-04-01T03:09:09.620Z] > command requires scopes: ["email","openid","https://www.googleapis.com/auth/cloudplatformprojects.readonly","https://www.googleapis.com/auth/firebase","https://www.googleapis.com/auth/cloud-platform"]
[debug] [2026-04-01T03:09:09.620Z] > authorizing via signed-in user (lilizblack@gmail.com)
[debug] [2026-04-01T03:09:09.621Z] [iam] checking project bookea-reads for permissions ["firebase.projects.get","firebaserules.releases.create","firebaserules.releases.update","firebaserules.rulesets.create"]
[debug] [2026-04-01T03:09:09.621Z] Checked if tokens are valid: true, expires at: 1775014007848
[debug] [2026-04-01T03:09:09.621Z] Checked if tokens are valid: true, expires at: 1775014007848
[debug] [2026-04-01T03:09:09.622Z] >>> [apiv2][query] POST https://cloudresourcemanager.googleapis.com/v1/projects/bookea-reads:testIamPermissions [none]
[debug] [2026-04-01T03:09:09.622Z] >>> [apiv2][(partial)header] POST https://cloudresourcemanager.googleapis.com/v1/projects/bookea-reads:testIamPermissions  x-goog-user-project=bookea-reads
[debug] [2026-04-01T03:09:09.622Z] >>> [apiv2][body] POST https://cloudresourcemanager.googleapis.com/v1/projects/bookea-reads:testIamPermissions {"permissions":["firebase.projects.get","firebaserules.releases.create","firebaserules.releases.update","firebaserules.rulesets.create"]}
[debug] [2026-04-01T03:09:09.799Z] <<< [apiv2][status] POST https://cloudresourcemanager.googleapis.com/v1/projects/bookea-reads:testIamPermissions 200
[debug] [2026-04-01T03:09:09.799Z] <<< [apiv2][body] POST https://cloudresourcemanager.googleapis.com/v1/projects/bookea-reads:testIamPermissions {"permissions":["firebase.projects.get","firebaserules.releases.create","firebaserules.releases.update","firebaserules.rulesets.create"]}
[info] 
[info] === Deploying to 'bookea-reads'...
[info] 
[info] i  deploying storage 
[info] i  storage: ensuring required API firebasestorage.googleapis.com is enabled... 
[debug] [2026-04-01T03:09:09.802Z] Checked if tokens are valid: true, expires at: 1775014007848
[debug] [2026-04-01T03:09:09.802Z] Checked if tokens are valid: true, expires at: 1775014007848
[debug] [2026-04-01T03:09:09.802Z] >>> [apiv2][query] GET https://firebasestorage.googleapis.com/v1alpha/projects/bookea-reads/defaultBucket [none]
[debug] [2026-04-01T03:09:10.120Z] <<< [apiv2][status] GET https://firebasestorage.googleapis.com/v1alpha/projects/bookea-reads/defaultBucket 200
[debug] [2026-04-01T03:09:10.121Z] <<< [apiv2][body] GET https://firebasestorage.googleapis.com/v1alpha/projects/bookea-reads/defaultBucket {"name":"projects/bookea-reads/defaultBucket","location":"US-CENTRAL1","bucket":{"name":"projects/bookea-reads/buckets/bookea-reads.firebasestorage.app"},"storageClass":"REGIONAL"}
[info] i  firebase.storage: checking storage.rules for compilation errors... 
[debug] [2026-04-01T03:09:10.122Z] Checked if tokens are valid: true, expires at: 1775014007848
[debug] [2026-04-01T03:09:10.122Z] Checked if tokens are valid: true, expires at: 1775014007848
[debug] [2026-04-01T03:09:10.122Z] >>> [apiv2][query] POST https://firebaserules.googleapis.com/v1/projects/bookea-reads:test [none]
[debug] [2026-04-01T03:09:10.122Z] >>> [apiv2][body] POST https://firebaserules.googleapis.com/v1/projects/bookea-reads:test [omitted]
[debug] [2026-04-01T03:09:10.387Z] <<< [apiv2][status] POST https://firebaserules.googleapis.com/v1/projects/bookea-reads:test 200
[debug] [2026-04-01T03:09:10.388Z] <<< [apiv2][body] POST https://firebaserules.googleapis.com/v1/projects/bookea-reads:test {}
[info] +  firebase.storage: rules file storage.rules compiled successfully 
[debug] [2026-04-01T03:09:10.389Z] Checked if tokens are valid: true, expires at: 1775014007848
[debug] [2026-04-01T03:09:10.389Z] Checked if tokens are valid: true, expires at: 1775014007848
[debug] [2026-04-01T03:09:10.389Z] >>> [apiv2][query] GET https://firebaserules.googleapis.com/v1/projects/bookea-reads/releases pageSize=10&pageToken=
[debug] [2026-04-01T03:09:10.557Z] <<< [apiv2][status] GET https://firebaserules.googleapis.com/v1/projects/bookea-reads/releases 200
[debug] [2026-04-01T03:09:10.558Z] <<< [apiv2][body] GET https://firebaserules.googleapis.com/v1/projects/bookea-reads/releases {"releases":[{"name":"projects/bookea-reads/releases/cloud.firestore","rulesetName":"projects/bookea-reads/rulesets/3537e886-1d5a-422b-911d-d1eb07dadc42","createTime":"2026-01-22T18:02:43.953376Z","updateTime":"2026-04-01T02:55:23.332713Z"},{"name":"projects/bookea-reads/releases/firebase.storage/bookea-reads.firebasestorage.app","rulesetName":"projects/bookea-reads/rulesets/677ad531-0ad6-48db-8481-2c4ee6d4539e","createTime":"2026-04-01T03:07:35.279992Z","updateTime":"2026-04-01T03:08:43.836358Z"}]}
[debug] [2026-04-01T03:09:10.566Z] Checked if tokens are valid: true, expires at: 1775014007848
[debug] [2026-04-01T03:09:10.566Z] Checked if tokens are valid: true, expires at: 1775014007848
[debug] [2026-04-01T03:09:10.566Z] >>> [apiv2][query] GET https://firebaserules.googleapis.com/v1/projects/bookea-reads/rulesets/677ad531-0ad6-48db-8481-2c4ee6d4539e [none]
[debug] [2026-04-01T03:09:10.731Z] <<< [apiv2][status] GET https://firebaserules.googleapis.com/v1/projects/bookea-reads/rulesets/677ad531-0ad6-48db-8481-2c4ee6d4539e 200
[debug] [2026-04-01T03:09:10.731Z] <<< [apiv2][body] GET https://firebaserules.googleapis.com/v1/projects/bookea-reads/rulesets/677ad531-0ad6-48db-8481-2c4ee6d4539e [omitted]
[info] i  storage: latest version of storage.rules already up to date, skipping upload... 
[debug] [2026-04-01T03:09:10.732Z] [rules] releasing firebase.storage/bookea-reads.firebasestorage.app with ruleset projects/bookea-reads/rulesets/677ad531-0ad6-48db-8481-2c4ee6d4539e
[debug] [2026-04-01T03:09:10.732Z] Checked if tokens are valid: true, expires at: 1775014007848
[debug] [2026-04-01T03:09:10.732Z] Checked if tokens are valid: true, expires at: 1775014007848
[debug] [2026-04-01T03:09:10.733Z] >>> [apiv2][query] PATCH https://firebaserules.googleapis.com/v1/projects/bookea-reads/releases/firebase.storage/bookea-reads.firebasestorage.app [none]
[debug] [2026-04-01T03:09:10.733Z] >>> [apiv2][body] PATCH https://firebaserules.googleapis.com/v1/projects/bookea-reads/releases/firebase.storage/bookea-reads.firebasestorage.app {"release":{"name":"projects/bookea-reads/releases/firebase.storage/bookea-reads.firebasestorage.app","rulesetName":"projects/bookea-reads/rulesets/677ad531-0ad6-48db-8481-2c4ee6d4539e"}}
[debug] [2026-04-01T03:09:11.065Z] <<< [apiv2][status] PATCH https://firebaserules.googleapis.com/v1/projects/bookea-reads/releases/firebase.storage/bookea-reads.firebasestorage.app 200
[debug] [2026-04-01T03:09:11.065Z] <<< [apiv2][body] PATCH https://firebaserules.googleapis.com/v1/projects/bookea-reads/releases/firebase.storage/bookea-reads.firebasestorage.app {"name":"projects/bookea-reads/releases/firebase.storage/bookea-reads.firebasestorage.app","rulesetName":"projects/bookea-reads/rulesets/677ad531-0ad6-48db-8481-2c4ee6d4539e","createTime":"2026-04-01T03:07:35.279992Z","updateTime":"2026-04-01T03:09:11.013036Z"}
[debug] [2026-04-01T03:09:11.065Z] [rules] updated release projects/bookea-reads/releases/firebase.storage/bookea-reads.firebasestorage.app
[info] +  storage: released rules storage.rules to firebase.storage 
[info] 
[info] +  Deploy complete! 
[info] 
[info] Project Console: https://console.firebase.google.com/project/bookea-reads/overview
[debug] [2026-04-01T03:09:16.218Z] Error: Timed out.
    at Timeout._onTimeout (C:\Users\liliz\AppData\Roaming\npm\node_modules\firebase-tools\lib\utils.js:308:49)
    at listOnTimeout (node:internal/timers:605:17)
    at process.processTimers (node:internal/timers:541:7)
[error] 
[error] Error: An unexpected error has occurred.
